\x1b[1mpayments • apply • runId=r-helm-1 • totals ok=1 fail=0 blocked=0 running=1 • concurrency 2/1 • elapsed 2.2s\x1b[0m
Node                                       Status       Att Phase                Note
------------------------------------------------------------------------------------------------------------------------
dev/a                                      \x1b[32;1m✓ SUCCEEDED \x1b[0m   1 -
dev/b                                      \x1b[34;1m▶ RUNNING   \x1b[0m   1 - (0s)
dev/c                                      \x1b[2m· PLANNED   \x1b[0m   0 -
\x1b[2;1mHELM LOGS\x1b[0m
\x1b[32;1m✓ SUCCEEDED\x1b[0m \x1b[2;1mdev/a · a1\x1b[0m
\x1b[2m  │ 03:04:05.800 getting history for release a\x1b[0m
\x1b[2m  │ 03:04:05.800 performing update\x1b[0m
\x1b[34;1m▶ RUNNING\x1b[0m \x1b[2;1mdev/b · a1\x1b[0m
\x1b[2m  │ 03:04:07.200 getting history for release b\x1b[0m
\x1b[2m  │ 03:04:07.200 performing update\x1b[0m
\x1b[2m  │ 03:04:07.200 waiting for resources\x1b[0m
